// Jest Snapshot v1, https://goo.gl/fbAQLP

exports[`convertRichTextToMarkdown should return markdown when passed a:  rich-text obj with code block 1`] = `
"1\\. Download and cd into the project

\`\`\`bash
git clone https://github.com/rioredwards/Tic-Tac-Toe.git\\ncd Tic-Tac-Toe
\`\`\`

2\\. Compile source code into binary (executable) file

\`\`\`bash
make
\`\`\`

3\\. Run the executable file

\`\`\`bash
./main
\`\`\`"
`;

exports[`convertRichTextToMarkdown should return markdown when passed a:  rich-text obj with code embedded asset 1`] = `"{"customEmbeddedImage":{"title":"Test Logo","url":"//images.ctfassets.net/l329ngjcm8m3/61Gv4YS4gh15J9LlabYYGw/c1bb5e48c4fb498e1a83cbcf5ea92085/Test_Logo.png"}}"`;

exports[`convertRichTextToMarkdown should return markdown when passed a:  rich-text obj with unordered list 1`] = `
"* Designed using OOP principles
* Intuitive Command Line Interface"
`;

exports[`convertRichTextToMarkdown should return markdown when passed a:  rich-text obj with unordered list 2`] = `
"* Designed using OOP principles
* Intuitive Command Line Interface"
`;
